../Core/Src/main.c:77:6:HAL_UART_TxCpltCallback	16	static
../Core/Src/main.c:91:5:main	128	static
../Core/Src/main.c:230:6:SystemClock_Config	88	static
../Core/Src/main.c:277:13:MX_SPI1_Init	8	static
../Core/Src/main.c:315:13:MX_TIM1_Init	96	static
../Core/Src/main.c:390:13:MX_USART2_UART_Init	8	static
../Core/Src/main.c:423:13:MX_GPIO_Init	40	static
../Core/Src/main.c:461:6:HAL_GPIO_EXTI_Callback	16	static
../Core/Src/main.c:470:9:Compute_CRC8	24	static
../Core/Src/main.c:489:6:Error_Handler	4	static,ignoring_inline_asm
